
  .   ____          _            __ _ _
 /\\ / ___'_ __ _ _(_)_ __  __ _ \ \ \ \
( ( )\___ | '_ | '_| | '_ \/ _` | \ \ \ \
 \\/  ___)| |_)| | | | | || (_| |  ) ) ) )
  '  |____| .__|_| |_|_| |_\__, | / / / /
 =========|_|==============|___/=/_/_/_/
 :: Spring Boot ::                (v3.2.0)

2026-02-02 04:38:06 - Starting SuperMarketBackendApplication v0.0.1-SNAPSHOT using Java 17.0.17 with PID 16492 (D:\SuperMarket Project\SuperMarket\Super_market-main\SuperMarket Backend\target\SuperMarketBackend-0.0.1-SNAPSHOT.jar started by Raki in D:\SuperMarket Project\SuperMarket\Super_market-main\SuperMarket Backend)
2026-02-02 04:38:06 - Running with Spring Boot v3.2.0, Spring v6.1.1
2026-02-02 04:38:06 - The following 1 profile is active: "prod"
2026-02-02 04:38:14 - Bootstrapping Spring Data JPA repositories in DEFAULT mode.
2026-02-02 04:38:15 - Finished Spring Data repository scanning in 526 ms. Found 19 JPA repository interfaces.
2026-02-02 04:38:19 - Tomcat initialized with port 8080 (http)
2026-02-02 04:38:20 - Starting service [Tomcat]
2026-02-02 04:38:20 - Starting Servlet engine: [Apache Tomcat/10.1.16]
2026-02-02 04:38:20 - Initializing Spring embedded WebApplicationContext
2026-02-02 04:38:20 - Root WebApplicationContext: initialization completed in 12708 ms
2026-02-02 04:38:21 - HHH000204: Processing PersistenceUnitInfo [name: default]
2026-02-02 04:38:21 - HHH000412: Hibernate ORM core version 6.3.1.Final
2026-02-02 04:38:21 - HHH000026: Second-level cache disabled
2026-02-02 04:38:22 - No LoadTimeWeaver setup: ignoring JPA class transformer
2026-02-02 04:38:23 - HikariPool-1 - Starting...
2026-02-02 04:38:23 - HikariPool-1 - Added connection com.mysql.cj.jdbc.ConnectionImpl@49122853
2026-02-02 04:38:23 - HikariPool-1 - Start completed.
2026-02-02 04:38:24 - HHH90000025: MySQLDialect does not need to be specified explicitly using 'hibernate.dialect' (remove the property setting and it will be selected by default)
2026-02-02 04:38:28 - HHH000489: No JTA platform available (set 'hibernate.transaction.jta.platform' to enable JTA platform integration)
2026-02-02 04:38:28 - Initialized JPA EntityManagerFactory for persistence unit 'default'
2026-02-02 04:38:32 - Hibernate is in classpath; If applicable, HQL parser will be used.
2026-02-02 04:38:43 - 

Using generated security password: caa4e50c-c980-4fb5-9829-b8e1ce38b609

This generated password is for development use only. Your security configuration must be updated before running your application in production.

2026-02-02 04:38:47 - Will secure any request with [org.springframework.security.web.session.DisableEncodeUrlFilter@438e1537, org.springframework.security.web.context.request.async.WebAsyncManagerIntegrationFilter@1c03be27, org.springframework.security.web.context.SecurityContextHolderFilter@4f6f13f0, org.springframework.security.web.header.HeaderWriterFilter@260aeb5a, org.springframework.web.filter.CorsFilter@45566129, org.springframework.security.web.authentication.logout.LogoutFilter@46978465, in.main.security.JwtAuthenticationFilter@7fa7281f, org.springframework.security.web.authentication.www.BasicAuthenticationFilter@cda6100, org.springframework.security.web.savedrequest.RequestCacheAwareFilter@6b283550, org.springframework.security.web.servletapi.SecurityContextHolderAwareRequestFilter@2460c928, org.springframework.security.web.authentication.AnonymousAuthenticationFilter@4c33ad71, org.springframework.security.web.session.SessionManagementFilter@40e43e10, org.springframework.security.web.access.ExceptionTranslationFilter@22b91d3c, org.springframework.security.web.access.intercept.AuthorizationFilter@357849a2]
2026-02-02 04:38:51 - Exception encountered during context initialization - cancelling refresh attempt: org.springframework.context.ApplicationContextException: Failed to start bean 'webServerStartStop'
2026-02-02 04:38:51 - Closing JPA EntityManagerFactory for persistence unit 'default'
2026-02-02 04:38:51 - HikariPool-1 - Shutdown initiated...
2026-02-02 04:38:52 - HikariPool-1 - Shutdown completed.
2026-02-02 04:38:53 - 

Error starting ApplicationContext. To display the condition evaluation report re-run your application with 'debug' enabled.
2026-02-02 04:38:54 - 

***************************
APPLICATION FAILED TO START
***************************

Description:

Web server failed to start. Port 8080 was already in use.

Action:

Identify and stop the process that's listening on port 8080 or configure this application to listen on another port.

